#! /c/Source/iverilog-install/bin/vvp
:ivl_version "12.0 (devel)" "(s20150603-1539-g2693dd32b)";
:ivl_delay_selection "TYPICAL";
:vpi_time_precision - 12;
:vpi_module "D:\Engineering\iverilog\lib\ivl\system.vpi";
:vpi_module "D:\Engineering\iverilog\lib\ivl\vhdl_sys.vpi";
:vpi_module "D:\Engineering\iverilog\lib\ivl\vhdl_textio.vpi";
:vpi_module "D:\Engineering\iverilog\lib\ivl\v2005_math.vpi";
:vpi_module "D:\Engineering\iverilog\lib\ivl\va_math.vpi";
S_000002480dc688c0 .scope module, "nor_gate_tb" "nor_gate_tb" 2 2;
 .timescale -9 -12;
v000002480dc6bd70_0 .var "A", 0 0;
v000002480dc83be0_0 .var "B", 0 0;
v000002480dc83c80_0 .net "C", 0 0, L_000002480dc83340;  1 drivers
S_000002480dc83a50 .scope module, "uut" "nor_gate" 2 5, 3 31 0, S_000002480dc688c0;
 .timescale 0 0;
    .port_info 0 /INPUT 1 "a";
    .port_info 1 /INPUT 1 "b";
    .port_info 2 /OUTPUT 1 "c";
L_000002480dc830e0 .functor OR 1, v000002480dc6bd70_0, v000002480dc83be0_0, C4<0>, C4<0>;
L_000002480dc83340 .functor NOT 1, L_000002480dc830e0, C4<0>, C4<0>, C4<0>;
v000002480dc83560_0 .net *"_ivl_0", 0 0, L_000002480dc830e0;  1 drivers
v000002480dc83780_0 .net "a", 0 0, v000002480dc6bd70_0;  1 drivers
v000002480dc6bc30_0 .net "b", 0 0, v000002480dc83be0_0;  1 drivers
v000002480dc6bcd0_0 .net "c", 0 0, L_000002480dc83340;  alias, 1 drivers
    .scope S_000002480dc688c0;
T_0 ;
    %pushi/vec4 0, 0, 1;
    %store/vec4 v000002480dc6bd70_0, 0, 1;
    %pushi/vec4 0, 0, 1;
    %store/vec4 v000002480dc83be0_0, 0, 1;
    %delay 10000, 0;
    %pushi/vec4 0, 0, 1;
    %store/vec4 v000002480dc6bd70_0, 0, 1;
    %pushi/vec4 1, 0, 1;
    %store/vec4 v000002480dc83be0_0, 0, 1;
    %delay 10000, 0;
    %pushi/vec4 1, 0, 1;
    %store/vec4 v000002480dc6bd70_0, 0, 1;
    %pushi/vec4 0, 0, 1;
    %store/vec4 v000002480dc83be0_0, 0, 1;
    %delay 10000, 0;
    %pushi/vec4 1, 0, 1;
    %store/vec4 v000002480dc6bd70_0, 0, 1;
    %pushi/vec4 1, 0, 1;
    %store/vec4 v000002480dc83be0_0, 0, 1;
    %delay 10000, 0;
    %vpi_call 2 16 "$finish" {0 0 0};
    %end;
    .thread T_0;
    .scope S_000002480dc688c0;
T_1 ;
    %vpi_call 2 19 "$dumpfile", "nor_gate.vcd" {0 0 0};
    %vpi_call 2 20 "$dumpvars" {0 0 0};
    %end;
    .thread T_1;
# The file index is used to find the file name in the following table.
:file_names 4;
    "N/A";
    "<interactive>";
    "nor_gate_tb.v";
    "nor_gate.v";
