#! /c/Source/iverilog-install/bin/vvp
:ivl_version "12.0 (devel)" "(s20150603-1539-g2693dd32b)";
:ivl_delay_selection "TYPICAL";
:vpi_time_precision + 0;
:vpi_module "D:\Engineering\iverilog\lib\ivl\system.vpi";
:vpi_module "D:\Engineering\iverilog\lib\ivl\vhdl_sys.vpi";
:vpi_module "D:\Engineering\iverilog\lib\ivl\vhdl_textio.vpi";
:vpi_module "D:\Engineering\iverilog\lib\ivl\v2005_math.vpi";
:vpi_module "D:\Engineering\iverilog\lib\ivl\va_math.vpi";
S_000001baf56d2df0 .scope module, "nand_gate" "nand_gate" 2 19;
 .timescale 0 0;
    .port_info 0 /INPUT 1 "a";
    .port_info 1 /INPUT 1 "b";
    .port_info 2 /OUTPUT 1 "c";
o000001baf5706f98 .functor BUFZ 1, C4<z>; HiZ drive
o000001baf5706fc8 .functor BUFZ 1, C4<z>; HiZ drive
L_000001baf56d3780 .functor AND 1, o000001baf5706f98, o000001baf5706fc8, C4<1>, C4<1>;
L_000001baf56d30c0 .functor NOT 1, L_000001baf56d3780, C4<0>, C4<0>, C4<0>;
v000001baf56d3340_0 .net "a", 0 0, o000001baf5706f98;  0 drivers
v000001baf56d3560_0 .net "b", 0 0, o000001baf5706fc8;  0 drivers
v000001baf56d2f80_0 .net "c", 0 0, L_000001baf56d30c0;  1 drivers
v000001baf56d3020_0 .net "c_1", 0 0, L_000001baf56d3780;  1 drivers
# The file index is used to find the file name in the following table.
:file_names 3;
    "N/A";
    "<interactive>";
    "nand_gate.v";
