#! /c/Source/iverilog-install/bin/vvp
:ivl_version "12.0 (devel)" "(s20150603-1539-g2693dd32b)";
:ivl_delay_selection "TYPICAL";
:vpi_time_precision - 12;
:vpi_module "D:\Engineering\iverilog\lib\ivl\system.vpi";
:vpi_module "D:\Engineering\iverilog\lib\ivl\vhdl_sys.vpi";
:vpi_module "D:\Engineering\iverilog\lib\ivl\vhdl_textio.vpi";
:vpi_module "D:\Engineering\iverilog\lib\ivl\v2005_math.vpi";
:vpi_module "D:\Engineering\iverilog\lib\ivl\va_math.vpi";
S_0000029c9c405f10 .scope module, "half_sub_tb" "half_sub_tb" 2 2;
 .timescale -9 -12;
v0000029c9c3d2e20_0 .var "A", 0 0;
v0000029c9c3d2ec0_0 .var "B", 0 0;
v0000029c9c3d2f60_0 .net "Bo", 0 0, L_0000029c9c3d3780;  1 drivers
v0000029c9c3d3000_0 .net "D", 0 0, L_0000029c9c3b9fd0;  1 drivers
S_0000029c9c4060a0 .scope module, "uut" "half_sub" 2 8, 3 42 0, S_0000029c9c405f10;
 .timescale 0 0;
    .port_info 0 /INPUT 1 "a";
    .port_info 1 /INPUT 1 "b";
    .port_info 2 /OUTPUT 1 "diff";
    .port_info 3 /OUTPUT 1 "borrow";
L_0000029c9c3b9fd0 .functor XOR 1, v0000029c9c3d2e20_0, v0000029c9c3d2ec0_0, C4<0>, C4<0>;
L_0000029c9c3d3580 .functor NOT 1, v0000029c9c3d2e20_0, C4<0>, C4<0>, C4<0>;
L_0000029c9c3d3780 .functor AND 1, L_0000029c9c3d3580, v0000029c9c3d2ec0_0, C4<1>, C4<1>;
v0000029c9c3d3340_0 .net "a", 0 0, v0000029c9c3d2e20_0;  1 drivers
v0000029c9c406230_0 .net "a_reg", 0 0, L_0000029c9c3d3580;  1 drivers
v0000029c9c4062d0_0 .net "b", 0 0, v0000029c9c3d2ec0_0;  1 drivers
v0000029c9c3d2ce0_0 .net "borrow", 0 0, L_0000029c9c3d3780;  alias, 1 drivers
v0000029c9c3d2d80_0 .net "diff", 0 0, L_0000029c9c3b9fd0;  alias, 1 drivers
    .scope S_0000029c9c405f10;
T_0 ;
    %pushi/vec4 0, 0, 1;
    %store/vec4 v0000029c9c3d2e20_0, 0, 1;
    %pushi/vec4 0, 0, 1;
    %store/vec4 v0000029c9c3d2ec0_0, 0, 1;
    %delay 10000, 0;
    %pushi/vec4 0, 0, 1;
    %store/vec4 v0000029c9c3d2e20_0, 0, 1;
    %pushi/vec4 1, 0, 1;
    %store/vec4 v0000029c9c3d2ec0_0, 0, 1;
    %delay 10000, 0;
    %pushi/vec4 1, 0, 1;
    %store/vec4 v0000029c9c3d2e20_0, 0, 1;
    %pushi/vec4 0, 0, 1;
    %store/vec4 v0000029c9c3d2ec0_0, 0, 1;
    %delay 10000, 0;
    %pushi/vec4 1, 0, 1;
    %store/vec4 v0000029c9c3d2e20_0, 0, 1;
    %pushi/vec4 1, 0, 1;
    %store/vec4 v0000029c9c3d2ec0_0, 0, 1;
    %delay 10000, 0;
    %vpi_call 2 20 "$finish" {0 0 0};
    %end;
    .thread T_0;
    .scope S_0000029c9c405f10;
T_1 ;
    %vpi_call 2 23 "$dumpfile", "half_sub.vcd" {0 0 0};
    %vpi_call 2 24 "$dumpvars" {0 0 0};
    %end;
    .thread T_1;
# The file index is used to find the file name in the following table.
:file_names 4;
    "N/A";
    "<interactive>";
    "half_sub_tb.v";
    "half_sub.v";
