#! /c/Source/iverilog-install/bin/vvp
:ivl_version "12.0 (devel)" "(s20150603-1539-g2693dd32b)";
:ivl_delay_selection "TYPICAL";
:vpi_time_precision - 12;
:vpi_module "D:\Engineering\iverilog\lib\ivl\system.vpi";
:vpi_module "D:\Engineering\iverilog\lib\ivl\vhdl_sys.vpi";
:vpi_module "D:\Engineering\iverilog\lib\ivl\vhdl_textio.vpi";
:vpi_module "D:\Engineering\iverilog\lib\ivl\v2005_math.vpi";
:vpi_module "D:\Engineering\iverilog\lib\ivl\va_math.vpi";
S_00000143f5eb5800 .scope module, "half_adder_tb" "half_adder_tb" 2 2;
 .timescale -9 -12;
v00000143f602b7c0_0 .var "A", 0 0;
v00000143f602b860_0 .var "B", 0 0;
v00000143f602b900_0 .net "C", 0 0, L_00000143f5e83580;  1 drivers
v00000143f602b9a0_0 .net "S", 0 0, L_00000143f5e830e0;  1 drivers
S_00000143f5eb5990 .scope module, "uut" "half_adder" 2 6, 3 41 0, S_00000143f5eb5800;
 .timescale 0 0;
    .port_info 0 /INPUT 1 "a";
    .port_info 1 /INPUT 1 "b";
    .port_info 2 /OUTPUT 1 "sum";
    .port_info 3 /OUTPUT 1 "carry";
L_00000143f5e830e0 .functor XOR 1, v00000143f602b7c0_0, v00000143f602b860_0, C4<0>, C4<0>;
L_00000143f5e83580 .functor AND 1, v00000143f602b7c0_0, v00000143f602b860_0, C4<1>, C4<1>;
v00000143f5e83340_0 .net "a", 0 0, v00000143f602b7c0_0;  1 drivers
v00000143f6028cf0_0 .net "b", 0 0, v00000143f602b860_0;  1 drivers
v00000143f5eb5b20_0 .net "carry", 0 0, L_00000143f5e83580;  alias, 1 drivers
v00000143f5eb5bc0_0 .net "sum", 0 0, L_00000143f5e830e0;  alias, 1 drivers
    .scope S_00000143f5eb5800;
T_0 ;
    %pushi/vec4 0, 0, 1;
    %store/vec4 v00000143f602b7c0_0, 0, 1;
    %pushi/vec4 0, 0, 1;
    %store/vec4 v00000143f602b860_0, 0, 1;
    %delay 10000, 0;
    %pushi/vec4 0, 0, 1;
    %store/vec4 v00000143f602b7c0_0, 0, 1;
    %pushi/vec4 1, 0, 1;
    %store/vec4 v00000143f602b860_0, 0, 1;
    %delay 10000, 0;
    %pushi/vec4 1, 0, 1;
    %store/vec4 v00000143f602b7c0_0, 0, 1;
    %pushi/vec4 0, 0, 1;
    %store/vec4 v00000143f602b860_0, 0, 1;
    %delay 10000, 0;
    %pushi/vec4 1, 0, 1;
    %store/vec4 v00000143f602b7c0_0, 0, 1;
    %pushi/vec4 1, 0, 1;
    %store/vec4 v00000143f602b860_0, 0, 1;
    %delay 10000, 0;
    %vpi_call 2 17 "$finish" {0 0 0};
    %end;
    .thread T_0;
    .scope S_00000143f5eb5800;
T_1 ;
    %vpi_call 2 20 "$dumpfile", "half_adder.vcd" {0 0 0};
    %vpi_call 2 21 "$dumpvars" {0 0 0};
    %end;
    .thread T_1;
# The file index is used to find the file name in the following table.
:file_names 4;
    "N/A";
    "<interactive>";
    "half_adder_tb.v";
    "half_adder.v";
