#! /c/Source/iverilog-install/bin/vvp
:ivl_version "12.0 (devel)" "(s20150603-1539-g2693dd32b)";
:ivl_delay_selection "TYPICAL";
:vpi_time_precision - 12;
:vpi_module "D:\Engineering\iverilog\lib\ivl\system.vpi";
:vpi_module "D:\Engineering\iverilog\lib\ivl\vhdl_sys.vpi";
:vpi_module "D:\Engineering\iverilog\lib\ivl\vhdl_textio.vpi";
:vpi_module "D:\Engineering\iverilog\lib\ivl\v2005_math.vpi";
:vpi_module "D:\Engineering\iverilog\lib\ivl\va_math.vpi";
S_000001ce3cd35ad0 .scope module, "or_gate_tb" "or_gate_tb" 2 2;
 .timescale -9 -12;
v000001ce3cd35df0_0 .var "A", 0 0;
v000001ce3cd35e90_0 .var "B", 0 0;
v000001ce3cceb750_0 .net "C", 0 0, v000001ce3cce9c50_0;  1 drivers
S_000001ce3cd35c60 .scope module, "uut" "or_gate" 2 5, 3 1 0, S_000001ce3cd35ad0;
 .timescale 0 0;
    .port_info 0 /INPUT 1 "a";
    .port_info 1 /INPUT 1 "b";
    .port_info 2 /OUTPUT 1 "c";
v000001ce3cd03320_0 .net "a", 0 0, v000001ce3cd35df0_0;  1 drivers
v000001ce3cd03540_0 .net "b", 0 0, v000001ce3cd35e90_0;  1 drivers
v000001ce3cce9c50_0 .var "c", 0 0;
E_000001ce3ccec670 .event anyedge, v000001ce3cd03540_0, v000001ce3cd03320_0;
    .scope S_000001ce3cd35c60;
T_0 ;
    %wait E_000001ce3ccec670;
    %load/vec4 v000001ce3cd03320_0;
    %pad/u 32;
    %cmpi/e 0, 0, 32;
    %flag_get/vec4 4;
    %jmp/0 T_0.2, 4;
    %load/vec4 v000001ce3cd03540_0;
    %pad/u 32;
    %pushi/vec4 0, 0, 32;
    %cmp/e;
    %flag_get/vec4 4;
    %and;
T_0.2;
    %flag_set/vec4 8;
    %jmp/0xz  T_0.0, 8;
    %pushi/vec4 0, 0, 1;
    %assign/vec4 v000001ce3cce9c50_0, 0;
    %jmp T_0.1;
T_0.0 ;
    %pushi/vec4 1, 0, 1;
    %assign/vec4 v000001ce3cce9c50_0, 0;
T_0.1 ;
    %jmp T_0;
    .thread T_0, $push;
    .scope S_000001ce3cd35ad0;
T_1 ;
    %pushi/vec4 0, 0, 1;
    %store/vec4 v000001ce3cd35df0_0, 0, 1;
    %pushi/vec4 0, 0, 1;
    %store/vec4 v000001ce3cd35e90_0, 0, 1;
    %delay 10000, 0;
    %pushi/vec4 0, 0, 1;
    %store/vec4 v000001ce3cd35df0_0, 0, 1;
    %pushi/vec4 1, 0, 1;
    %store/vec4 v000001ce3cd35e90_0, 0, 1;
    %delay 10000, 0;
    %pushi/vec4 1, 0, 1;
    %store/vec4 v000001ce3cd35df0_0, 0, 1;
    %pushi/vec4 0, 0, 1;
    %store/vec4 v000001ce3cd35e90_0, 0, 1;
    %delay 10000, 0;
    %pushi/vec4 1, 0, 1;
    %store/vec4 v000001ce3cd35df0_0, 0, 1;
    %pushi/vec4 1, 0, 1;
    %store/vec4 v000001ce3cd35e90_0, 0, 1;
    %delay 10000, 0;
    %vpi_call 2 16 "$finish" {0 0 0};
    %end;
    .thread T_1;
    .scope S_000001ce3cd35ad0;
T_2 ;
    %vpi_call 2 19 "$dumpfile", "or_gate_vcd.vcd" {0 0 0};
    %vpi_call 2 20 "$dumpvars" {0 0 0};
    %end;
    .thread T_2;
# The file index is used to find the file name in the following table.
:file_names 4;
    "N/A";
    "<interactive>";
    "or_gate_tb.v";
    "or_gate.v";
