#! /c/Source/iverilog-install/bin/vvp
:ivl_version "12.0 (devel)" "(s20150603-1539-g2693dd32b)";
:ivl_delay_selection "TYPICAL";
:vpi_time_precision + 0;
:vpi_module "D:\Engineering\iverilog\lib\ivl\system.vpi";
:vpi_module "D:\Engineering\iverilog\lib\ivl\vhdl_sys.vpi";
:vpi_module "D:\Engineering\iverilog\lib\ivl\vhdl_textio.vpi";
:vpi_module "D:\Engineering\iverilog\lib\ivl\v2005_math.vpi";
:vpi_module "D:\Engineering\iverilog\lib\ivl\va_math.vpi";
S_000001beb40d2df0 .scope module, "xor_gate" "xor_gate" 2 2;
 .timescale 0 0;
    .port_info 0 /INPUT 1 "a";
    .port_info 1 /INPUT 1 "b";
    .port_info 2 /OUTPUT 1 "c";
o000001beb4106fb8 .functor BUFZ 1, C4<z>; HiZ drive
v000001beb40d3340_0 .net "a", 0 0, o000001beb4106fb8;  0 drivers
o000001beb4106fe8 .functor BUFZ 1, C4<z>; HiZ drive
v000001beb40d3560_0 .net "b", 0 0, o000001beb4106fe8;  0 drivers
v000001beb40d2f80_0 .var "c", 0 0;
E_000001beb40b8390 .event anyedge, v000001beb40d3560_0, v000001beb40d3340_0;
    .scope S_000001beb40d2df0;
T_0 ;
    %wait E_000001beb40b8390;
    %load/vec4 v000001beb40d3340_0;
    %pad/u 32;
    %cmpi/e 0, 0, 32;
    %flag_get/vec4 4;
    %jmp/0 T_0.2, 4;
    %load/vec4 v000001beb40d3560_0;
    %pad/u 32;
    %pushi/vec4 0, 0, 32;
    %cmp/e;
    %flag_get/vec4 4;
    %and;
T_0.2;
    %flag_set/vec4 8;
    %jmp/0xz  T_0.0, 8;
    %pushi/vec4 0, 0, 1;
    %assign/vec4 v000001beb40d2f80_0, 0;
    %jmp T_0.1;
T_0.0 ;
    %load/vec4 v000001beb40d3340_0;
    %pad/u 32;
    %cmpi/e 0, 0, 32;
    %flag_get/vec4 4;
    %jmp/0 T_0.5, 4;
    %load/vec4 v000001beb40d3560_0;
    %pad/u 32;
    %pushi/vec4 1, 0, 32;
    %cmp/e;
    %flag_get/vec4 4;
    %and;
T_0.5;
    %flag_set/vec4 8;
    %jmp/0xz  T_0.3, 8;
    %pushi/vec4 1, 0, 1;
    %assign/vec4 v000001beb40d2f80_0, 0;
    %jmp T_0.4;
T_0.3 ;
    %load/vec4 v000001beb40d3340_0;
    %pad/u 32;
    %cmpi/e 1, 0, 32;
    %flag_get/vec4 4;
    %jmp/0 T_0.8, 4;
    %load/vec4 v000001beb40d3560_0;
    %pad/u 32;
    %pushi/vec4 0, 0, 32;
    %cmp/e;
    %flag_get/vec4 4;
    %and;
T_0.8;
    %flag_set/vec4 8;
    %jmp/0xz  T_0.6, 8;
    %pushi/vec4 1, 0, 1;
    %assign/vec4 v000001beb40d2f80_0, 0;
    %jmp T_0.7;
T_0.6 ;
    %pushi/vec4 0, 0, 1;
    %assign/vec4 v000001beb40d2f80_0, 0;
T_0.7 ;
T_0.4 ;
T_0.1 ;
    %jmp T_0;
    .thread T_0, $push;
# The file index is used to find the file name in the following table.
:file_names 3;
    "N/A";
    "<interactive>";
    "xor_gate.v";
